// Jest Snapshot v1, https://goo.gl/fbAQLP

exports[`KG.vue 快照测试，渲染正确UI 1`] = `
<div id="box">
  <div id="myChart"></div>
  <div id="text-box">
    <div id="selector-box" class="box-item">
      <div id="selector-title">样式选择:</div>
      <el-select-stub id="selector" value="" autocomplete="off" multiplelimit="0" valuekey="value" popperappendtobody="true">
        <el-option-stub value="1" label="关系图"></el-option-stub>
        <el-option-stub value="2" label="力引导图"></el-option-stub>
        <el-option-stub value="3" label="环形关系图"></el-option-stub>
      </el-select-stub>
    </div>
    <div class="box-item">
      <el-button-stub type="primary" icon="el-icon-download" nativetype="button" plain="true" id="downimg">下载Img</el-button-stub>
    </div>
    <div class="box-item">
      <el-button-stub type="primary" icon="el-icon-download" nativetype="button" plain="true" id="downjson">下载Json</el-button-stub>
    </div>
    <div class="box-item">
      <el-button-stub type="primary" icon="el-icon-download" nativetype="button" plain="true" id="downxml">下载Xml</el-button-stub>
    </div>
    <div class="box-item ">
      <el-upload-stub action="" headers="[object Object]" name="file" showfilelist="true" type="select" beforeupload="function () { [native code] }" onremove="function srcvue_type_script_lang_js_noop() {}" onchange="function srcvue_type_script_lang_js_noop() {}" onsuccess="function srcvue_type_script_lang_js_noop() {}" onprogress="function () { [native code] }" onerror="function srcvue_type_script_lang_js_noop() {}" filelist="" autoupload="true" listtype="text" onexceed="function srcvue_type_script_lang_js_noop() {}">
        <el-button-stub type="primary" icon="el-icon-upload" nativetype="button" plain="true" id="upload_button">导入知识图谱</el-button-stub>
      </el-upload-stub>
      <el-button-stub type="text" icon="" nativetype="button" id="tip">导入须知</el-button-stub>
      <el-dialog-stub modal="true" modalfade="true" modalappendtobody="true" lockscroll="true" closeonpressescape="true" closeonclickmodal="true" title="导入须知" showclose="true" width="30%" customclass="" top="15vh"><span>目前只支持json文件。<br>json对象中必须包含nodes，links，categories三个属性。<br>每一个node须包含name，symbolSize，category属性。<br>每一个link须包含source，target属性。<br>每一个category须包含name属性。
        </span> <span class="dialog-footer"><el-button-stub type="primary" icon="" nativetype="button" id="tipclose">确 定</el-button-stub></span></el-dialog-stub>
    </div>
    <el-popover-stub transformorigin="true" placement="left" boundariespadding="5" offset="0" visiblearrow="true" arrowoffset="0" appendtobody="true" popperoptions="[object Object]" trigger="click" opendelay="0" closedelay="200" transition="fade-in-linear" tabindex="0">
      <!---->
      <!---->
    </el-popover-stub>
    <div class="box-item">
      <el-button-stub type="primary" icon="" nativetype="button" plain="true">查 看 数 据</el-button-stub>
    </div>
    <div class="box-item">
      <el-popover-stub transformorigin="true" placement="left" boundariespadding="5" offset="0" visiblearrow="true" arrowoffset="0" appendtobody="true" popperoptions="[object Object]" trigger="click" opendelay="0" closedelay="200" width="400px" transition="fade-in-linear" tabindex="0" class="form">
        <!---->
      </el-popover-stub>
      <el-button-stub type="primary" icon="" nativetype="button" plain="true">添加节点</el-button-stub>
      <el-popover-stub transformorigin="true" placement="left" boundariespadding="5" offset="0" visiblearrow="true" arrowoffset="0" appendtobody="true" popperoptions="[object Object]" trigger="click" opendelay="0" closedelay="200" width="400px" transition="fade-in-linear" tabindex="0" class="form">
        <!---->
      </el-popover-stub>
      <el-button-stub type="primary" icon="" nativetype="button" plain="true">添加边</el-button-stub>
    </div>
  </div>
</div>
`;
